// Jest Snapshot v1, https://goo.gl/fbAQLP

exports[`should test Header component 1`] = `
<Fragment>
  <div
    className="d-flex align-items-center justify-content-between"
  >
    <h2
      className="h3"
    >
      test
    </h2>
    <Link
      to="/add"
    >
      Add product
    </Link>
  </div>
  <hr />
</Fragment>
`;
